C51 COMPILER V9.01   MAIN                                                                  07/23/2017 22:55:28 PAGE 1   


C51 COMPILER V9.01, COMPILATION OF MODULE MAIN
OBJECT MODULE PLACED IN main.OBJ
COMPILER INVOKED BY: E:\ProgramFiles\keil\C51\BIN\C51.EXE main.c BROWSE DEBUG OBJECTEXTEND

line level    source

   1          //
   2          // Created by Li on 2017/7/23.
   3          //
   4          #include <reg52.h>
   5          #include <intrins.h>
   6          
   7          #define uchar unsigned char
   8          
   9          
  10          sbit SI = P3 ^4; // 数据位SER
  11          sbit RCK = P3 ^5; // 输出存储器锁存时钟线
  12          sbit SCK = P3 ^6; // 数据输入时钟线
  13          
  14          void delay50ms(void);
  15          
  16          void hc595_send(uchar data_list[]);
  17          
  18          uchar tab0[] = {0x00, 0x01, 0x00, 0x02, 0x00, 0x04, 0x00, 0x08, 0x00, 0x10, 0x00, 0x20, 0x00, 0x40, 0x00, 
             -0x80,
  19                          0x01, 0x00, 0x02, 0x00, 0x04, 0x00, 0x08, 0x00, 0x10, 0x00, 0x20, 0x00, 0x40, 0x00, 0x80, 
             -0x00};
  20          
  21          uchar tab1[] =  {128,0,0,1,252,63,4,0,4,1,4,1,4,1,244,63,4,1,132,2,132,2,68,4,36,8,18,48,0,0,0,0};
  22          
  23          void main() {
  24   1          int k, i, ms;
  25   1          uchar data_list[] = {0x5f, 0xfa, 0xff, 0xff};
  26   1          uchar data_listo[] = {0x00, 0x00, 0x80, 0x01};
  27   1      
  28   1      //    hc595_send(data_list);
  29   1      //    hc595_send(data_listo);
  30   1      
  31   1      
  32   1          i = 80;                                //显示时间
  33   1          while (1) {
  34   2              //--显示"亲"--//
  35   2              for (ms = i; ms > 0; ms--) {
  36   3                  for (k = 0; k < 16; k++) {
  37   4                      uchar asd[4];
  38   4                      asd[0] = ~tab1[2 * k + 1];
  39   4                      asd[1] = ~tab1[2 * k];
  40   4                      asd[2] = tab0[2 * k];
  41   4                      asd[3] = tab0[2 * k + 1];
  42   4                      hc595_send(asd);
  43   4                  }
  44   3              }
  45   2          }
  46   1      
  47   1      }
  48          
  49          /**
  50           * 发送数据到74HC595
  51           * @param data 4字节数组，为方便阅读，从高到低，[0]是最高位，以此类推
  52           */
  53          void hc595_send(uchar data_list[]) {
C51 COMPILER V9.01   MAIN                                                                  07/23/2017 22:55:28 PAGE 2   

  54   1          unsigned char i, j;
  55   1          for (i = 0; i < 4; i++) {
  56   2              uchar item = data_list[i];
  57   2              for (j = 0; j < 8; j++) {
  58   3                  // 得到最右最低位
  59   3                  SI = item >> 7;
  60   3                  // 右移去掉一个最低位
  61   3                  item <<= 1;
  62   3                  // 制造上升沿存储数据
  63   3                  SCK = 0;
  64   3                  SCK = 1;
  65   3                  _nop_(); // 空指令
  66   3              }
  67   2          }
  68   1          // 上升沿，输出锁存器值，下降沿存储器状态保持
  69   1          RCK = 0;
  70   1          RCK = 1;
  71   1          RCK = 0;
  72   1      }
  73          
  74          void delay50ms(void)   //误差 -0.00000000001us
  75          {
  76   1          unsigned char a, b;
  77   1          for (b = 97; b > 0; b--)
  78   1              for (a = 236; a > 0; a--);
  79   1      }


MODULE INFORMATION:   STATIC OVERLAYABLE
   CODE SIZE        =    219    ----
   CONSTANT SIZE    =      8    ----
   XDATA SIZE       =   ----    ----
   PDATA SIZE       =   ----    ----
   DATA SIZE        =     64      22
   IDATA SIZE       =   ----    ----
   BIT SIZE         =   ----    ----
END OF MODULE INFORMATION.


C51 COMPILATION COMPLETE.  0 WARNING(S),  0 ERROR(S)
